"""
=========================================================
Archivo: logger.py

Descripción:
Este archivo contiene la clase Logger.

Su función es registrar en un archivo de texto todos los
eventos importantes y los errores que ocurran durante la
ejecución del programa.

Cada registro almacena:

- Fecha
- Hora
- Tipo de evento
- Descripción

Autor: Grupo de trabajo
=========================================================
"""

# Librerías necesarias
from datetime import datetime


class Logger:
    """
    Clase encargada de registrar eventos y errores
    del sistema.
    """

    # Ruta del archivo donde se guardarán los registros
    ARCHIVO_LOG = "logs/errores.log"

    @staticmethod
    def registrar_evento(mensaje):
        """
        Guarda un evento en el archivo de logs.

        Parámetros:
            mensaje (str): Descripción del evento.
        """

        fecha = datetime.now().strftime("%d/%m/%Y %H:%M:%S")

        with open(Logger.ARCHIVO_LOG, "a", encoding="utf-8") as archivo:
            archivo.write(f"[EVENTO] {fecha} - {mensaje}\n")

    @staticmethod
    def registrar_error(error):
        """
        Guarda un error en el archivo de logs.

        Parámetros:
            error (Exception): Error ocurrido.
        """

        fecha = datetime.now().strftime("%d/%m/%Y %H:%M:%S")

        with open(Logger.ARCHIVO_LOG, "a", encoding="utf-8") as archivo:
            archivo.write(f"[ERROR] {fecha} - {error}\n")
